
> signaid-v7@0.0.0 dev
> vite

npm.cmd : C:\Partage\Proj
et\Signaid V7\node_module
s\rollup\dist\native.js:1
15
Au caractère Ligne:1 : 53
+ ...  $env:Path; & 
'C:\Program 
Files\nodejs\npm.cmd' 
run dev > debug_error ...
+                 ~~~~~~~
~~~~~~~~~~~~~~~~~~~~~~~~~
~~~~~~~~~~~~~~~~~~~~~~~~~
    + CategoryInfo       
       : NotSpecified:   
  (C:\Partage\Proj...t   
 \native.js:115:Strin    
g) [], RemoteExcepti    
on
    + FullyQualifiedErro 
   rId : NativeCommandE  
  rror
 
		throw new Error(
		      ^

Error: Cannot find 
module @rollup/rollup-win
32-arm64-msvc. npm has a 
bug related to optional 
dependencies (https://git
hub.com/npm/cli/issues/48
28). Please try `npm i` 
again after removing 
both package-lock.json 
and node_modules 
directory.
    at 
requireWithFriendlyError 
(C:\Partage\Projet\Signai
d V7\node_modules\rollup\
dist\native.js:115:9)
    at 
Object.<anonymous> (C:\Pa
rtage\Projet\Signaid V7\n
ode_modules\rollup\dist\n
ative.js:124:76)
    ... 2 lines matching 
cause stack trace ...
    at Module.load (node:
internal/modules/cjs/load
er:1266:32)
    at Module._load (node
:internal/modules/cjs/loa
der:1091:12)
    at cjsLoader (node:in
ternal/modules/esm/transl
ators:298:15)
    at 
ModuleWrap.<anonymous> (n
ode:internal/modules/esm/
translators:240:7)
    at ModuleJob.run (nod
e:internal/modules/esm/mo
dule_job:325:25)
    at async 
ModuleLoader.import (node
:internal/modules/esm/loa
der:606:24) {
  [cause]: Error: \\?\C:\
Partage\Projet\node_modul
es\@rollup\rollup-win32-a
rm64-msvc\rollup.win32-ar
m64-msvc.node n´┐¢est 
pas une application 
Win32 valide.

  \\?\C:\Partage\Projet\n
ode_modules\@rollup\rollu
p-win32-arm64-msvc\rollup
.win32-arm64-msvc.node
      at 
Module._extensions..node 
(node:internal/modules/cj
s/loader:1661:18)
      at Module.load (nod
e:internal/modules/cjs/lo
ader:1266:32)
      at Module._load (no
de:internal/modules/cjs/l
oader:1091:12)
      at Module.require (
node:internal/modules/cjs
/loader:1289:19)
      at require (node:in
ternal/modules/helpers:18
2:18)
      at 
requireWithFriendlyError 
(C:\Partage\Projet\Signai
d V7\node_modules\rollup\
dist\native.js:97:10)
      at 
Object.<anonymous> (C:\Pa
rtage\Projet\Signaid V7\n
ode_modules\rollup\dist\n
ative.js:124:76)
      at Module._compile 
(node:internal/modules/cj
s/loader:1521:14)
      at 
Module._extensions..js (n
ode:internal/modules/cjs/
loader:1623:10)
      at Module.load (nod
e:internal/modules/cjs/lo
ader:1266:32) {
    code: 
'ERR_DLOPEN_FAILED'
  }
}

Node.js v20.20.0
